../Drivers/CMSIS/Include/core_cm4.h:2064:26:ITM_SendChar	16	static,ignoring_inline_asm
../Core/Src/main.c:78:5:_write	32	static
../Core/Src/main.c:87:6:HannWindow_Init	16	static
../Core/Src/main.c:96:6:PrepareFFTInput	32	static
../Core/Src/main.c:117:6:Convert_PDM_To_PCM	24	static,ignoring_inline_asm
../Core/Src/main.c:139:6:HAL_I2S_RxHalfCpltCallback	16	static
../Core/Src/main.c:148:6:HAL_I2S_RxCpltCallback	16	static
../Core/Src/main.c:155:6:HAL_I2S_ErrorCallback	16	static
../Core/Src/main.c:162:6:ProcessFFT	32	static
../Core/Src/main.c:284:5:main	16	static
../Core/Src/main.c:392:6:SystemClock_Config	88	static
../Core/Src/main.c:443:13:MX_CRC_Init	8	static
../Core/Src/main.c:470:13:MX_I2S2_Init	8	static
../Core/Src/main.c:502:13:MX_DMA_Init	16	static
../Core/Src/main.c:520:13:MX_GPIO_Init	16	static
../Core/Src/main.c:546:6:Error_Handler	4	static,ignoring_inline_asm
