../Core/Src/main.c:82:5:main	16	static
../Core/Src/main.c:164:6:SystemClock_Config	88	static
../Core/Src/main.c:206:13:MX_ADC1_Init	24	static
../Core/Src/main.c:266:13:MX_ADC2_Init	24	static
../Core/Src/main.c:318:13:MX_DAC_Init	16	static
../Core/Src/main.c:355:13:MX_TIM2_Init	32	static
../Core/Src/main.c:395:13:MX_DMA_Init	16	static
../Core/Src/main.c:413:13:MX_GPIO_Init	16	static
../Core/Src/main.c:426:6:Read_Environment	8	static
../Core/Src/main.c:452:6:Adaptive_Frequency_Algorithm	4	static
../Core/Src/main.c:485:6:Set_Sonar_Frequency	32	static
../Core/Src/main.c:561:6:Error_Handler	4	static
