../Drivers/CMSIS/Include/core_cm4.h:2064:26:ITM_SendChar	4
../Core/Src/main.c:112:5:main	4
../Core/Src/main.c:205:6:SystemClock_Config	3
../Core/Src/main.c:247:13:MX_SPI1_Init	2
../Core/Src/main.c:285:13:MX_GPIO_Init	1
../Core/Src/main.c:312:9:SD_SPI_TxRx	1
../Core/Src/main.c:325:6:SD_Select	1
../Core/Src/main.c:332:6:SD_Deselect	1
../Core/Src/main.c:339:6:SD_SendClockTrain	2
../Core/Src/main.c:349:9:SD_SendCommand	3
../Core/Src/main.c:383:5:__io_putchar	1
../Core/Src/main.c:389:9:SD_Init	9
../Core/Src/main.c:455:9:SD_ReadBlock	6
../Core/Src/main.c:500:9:SD_WriteBlock	6
../Core/Src/main.c:551:6:Error_Handler	1
