Archive member included to satisfy reference by file (symbol)

C:/ST/STM32CubeIDE_1.19.0/STM32CubeIDE/plugins/com.st.stm32cube.ide.mcu.externaltools.gnu-tools-for-stm32.13.3.rel1.win32_1.0.0.202411081344/tools/bin/../lib/gcc/arm-none-eabi/13.3.1/../../../../arm-none-eabi/lib/thumb/v7e-m+fp/hard\libc_nano.a(libc_a-exit.o)
                              C:/ST/STM32CubeIDE_1.19.0/STM32CubeIDE/plugins/com.st.stm32cube.ide.mcu.externaltools.gnu-tools-for-stm32.13.3.rel1.win32_1.0.0.202411081344/tools/bin/../lib/gcc/arm-none-eabi/13.3.1/../../../../arm-none-eabi/lib/thumb/v7e-m+fp/hard/crt0.o (exit)
C:/ST/STM32CubeIDE_1.19.0/STM32CubeIDE/plugins/com.st.stm32cube.ide.mcu.externaltools.gnu-tools-for-stm32.13.3.rel1.win32_1.0.0.202411081344/tools/bin/../lib/gcc/arm-none-eabi/13.3.1/../../../../arm-none-eabi/lib/thumb/v7e-m+fp/hard\libc_nano.a(libc_a-findfp.o)
                              C:/ST/STM32CubeIDE_1.19.0/STM32CubeIDE/plugins/com.st.stm32cube.ide.mcu.externaltools.gnu-tools-for-stm32.13.3.rel1.win32_1.0.0.202411081344/tools/bin/../lib/gcc/arm-none-eabi/13.3.1/../../../../arm-none-eabi/lib/thumb/v7e-m+fp/hard\libc_nano.a(libc_a-exit.o) (__stdio_exit_handler)
C:/ST/STM32CubeIDE_1.19.0/STM32CubeIDE/plugins/com.st.stm32cube.ide.mcu.externaltools.gnu-tools-for-stm32.13.3.rel1.win32_1.0.0.202411081344/tools/bin/../lib/gcc/arm-none-eabi/13.3.1/../../../../arm-none-eabi/lib/thumb/v7e-m+fp/hard\libc_nano.a(libc_a-fwalk.o)
                              C:/ST/STM32CubeIDE_1.19.0/STM32CubeIDE/plugins/com.st.stm32cube.ide.mcu.externaltools.gnu-tools-for-stm32.13.3.rel1.win32_1.0.0.202411081344/tools/bin/../lib/gcc/arm-none-eabi/13.3.1/../../../../arm-none-eabi/lib/thumb/v7e-m+fp/hard\libc_nano.a(libc_a-findfp.o) (_fwalk_sglue)
C:/ST/STM32CubeIDE_1.19.0/STM32CubeIDE/plugins/com.st.stm32cube.ide.mcu.externaltools.gnu-tools-for-stm32.13.3.rel1.win32_1.0.0.202411081344/tools/bin/../lib/gcc/arm-none-eabi/13.3.1/../../../../arm-none-eabi/lib/thumb/v7e-m+fp/hard\libc_nano.a(libc_a-stdio.o)
                              C:/ST/STM32CubeIDE_1.19.0/STM32CubeIDE/plugins/com.st.stm32cube.ide.mcu.externaltools.gnu-tools-for-stm32.13.3.rel1.win32_1.0.0.202411081344/tools/bin/../lib/gcc/arm-none-eabi/13.3.1/../../../../arm-none-eabi/lib/thumb/v7e-m+fp/hard\libc_nano.a(libc_a-findfp.o) (__sread)
C:/ST/STM32CubeIDE_1.19.0/STM32CubeIDE/plugins/com.st.stm32cube.ide.mcu.externaltools.gnu-tools-for-stm32.13.3.rel1.win32_1.0.0.202411081344/tools/bin/../lib/gcc/arm-none-eabi/13.3.1/../../../../arm-none-eabi/lib/thumb/v7e-m+fp/hard\libc_nano.a(libc_a-memset.o)
                              C:/ST/STM32CubeIDE_1.19.0/STM32CubeIDE/plugins/com.st.stm32cube.ide.mcu.externaltools.gnu-tools-for-stm32.13.3.rel1.win32_1.0.0.202411081344/tools/bin/../lib/gcc/arm-none-eabi/13.3.1/../../../../arm-none-eabi/lib/thumb/v7e-m+fp/hard/crt0.o (memset)
C:/ST/STM32CubeIDE_1.19.0/STM32CubeIDE/plugins/com.st.stm32cube.ide.mcu.externaltools.gnu-tools-for-stm32.13.3.rel1.win32_1.0.0.202411081344/tools/bin/../lib/gcc/arm-none-eabi/13.3.1/../../../../arm-none-eabi/lib/thumb/v7e-m+fp/hard\libc_nano.a(libc_a-closer.o)
                              C:/ST/STM32CubeIDE_1.19.0/STM32CubeIDE/plugins/com.st.stm32cube.ide.mcu.externaltools.gnu-tools-for-stm32.13.3.rel1.win32_1.0.0.202411081344/tools/bin/../lib/gcc/arm-none-eabi/13.3.1/../../../../arm-none-eabi/lib/thumb/v7e-m+fp/hard\libc_nano.a(libc_a-stdio.o) (_close_r)
C:/ST/STM32CubeIDE_1.19.0/STM32CubeIDE/plugins/com.st.stm32cube.ide.mcu.externaltools.gnu-tools-for-stm32.13.3.rel1.win32_1.0.0.202411081344/tools/bin/../lib/gcc/arm-none-eabi/13.3.1/../../../../arm-none-eabi/lib/thumb/v7e-m+fp/hard\libc_nano.a(libc_a-reent.o)
                              C:/ST/STM32CubeIDE_1.19.0/STM32CubeIDE/plugins/com.st.stm32cube.ide.mcu.externaltools.gnu-tools-for-stm32.13.3.rel1.win32_1.0.0.202411081344/tools/bin/../lib/gcc/arm-none-eabi/13.3.1/../../../../arm-none-eabi/lib/thumb/v7e-m+fp/hard\libc_nano.a(libc_a-closer.o) (errno)
C:/ST/STM32CubeIDE_1.19.0/STM32CubeIDE/plugins/com.st.stm32cube.ide.mcu.externaltools.gnu-tools-for-stm32.13.3.rel1.win32_1.0.0.202411081344/tools/bin/../lib/gcc/arm-none-eabi/13.3.1/../../../../arm-none-eabi/lib/thumb/v7e-m+fp/hard\libc_nano.a(libc_a-impure.o)
                              C:/ST/STM32CubeIDE_1.19.0/STM32CubeIDE/plugins/com.st.stm32cube.ide.mcu.externaltools.gnu-tools-for-stm32.13.3.rel1.win32_1.0.0.202411081344/tools/bin/../lib/gcc/arm-none-eabi/13.3.1/../../../../arm-none-eabi/lib/thumb/v7e-m+fp/hard\libc_nano.a(libc_a-reent.o) (_impure_ptr)
C:/ST/STM32CubeIDE_1.19.0/STM32CubeIDE/plugins/com.st.stm32cube.ide.mcu.externaltools.gnu-tools-for-stm32.13.3.rel1.win32_1.0.0.202411081344/tools/bin/../lib/gcc/arm-none-eabi/13.3.1/../../../../arm-none-eabi/lib/thumb/v7e-m+fp/hard\libc_nano.a(libc_a-lseekr.o)
[...]
Memory Configuration

Name             Origin             Length             Attributes
RAM              0x20000000         0x00020000         xrw
FLASH            0x08000000         0x00080000         xr
*default*        0x00000000         0xffffffff

Linker script and memory map

LOAD C:/ST/STM32CubeIDE_1.19.0/STM32CubeIDE/plugins/com.st.stm32cube.ide.mcu.externaltools.gnu-tools-for-stm32.13.3.rel1.win32_1.0.0.202411081344/tools/bin/../lib/gcc/arm-none-eabi/13.3.1/thumb/v7e-m+fp/hard/crti.o
LOAD C:/ST/STM32CubeIDE_1.19.0/STM32CubeIDE/plugins/com.st.stm32cube.ide.mcu.externaltools.gnu-tools-for-stm32.13.3.rel1.win32_1.0.0.202411081344/tools/bin/../lib/gcc/arm-none-eabi/13.3.1/thumb/v7e-m+fp/hard/crtbegin.o
LOAD C:/ST/STM32CubeIDE_1.19.0/STM32CubeIDE/plugins/com.st.stm32cube.ide.mcu.externaltools.gnu-tools-for-stm32.13.3.rel1.win32_1.0.0.202411081344/tools/bin/../lib/gcc/arm-none-eabi/13.3.1/../../../../arm-none-eabi/lib/thumb/v7e-m+fp/hard/crt0.o
LOAD ./Core/Src/fatfs_sd.o
LOAD ./Core/Src/main.o
LOAD ./Core/Src/stm32f4xx_hal_msp.o
LOAD ./Core/Src/stm32f4xx_it.o
LOAD ./Core/Src/syscalls.o
LOAD ./Core/Src/sysmem.o
LOAD ./Core/Src/system_stm32f4xx.o
LOAD ./Core/Startup/startup_stm32f411retx.o
LOAD ./Drivers/STM32F4xx_HAL_Driver/Src/stm32f4xx_hal.o
LOAD ./Drivers/STM32F4xx_HAL_Driver/Src/stm32f4xx_hal_cortex.o
LOAD ./Drivers/STM32F4xx_HAL_Driver/Src/stm32f4xx_hal_dma.o
LOAD ./Drivers/STM32F4xx_HAL_Driver/Src/stm32f4xx_hal_dma_ex.o
LOAD ./Drivers/STM32F4xx_HAL_Driver/Src/stm32f4xx_hal_exti.o
LOAD ./Drivers/STM32F4xx_HAL_Driver/Src/stm32f4xx_hal_flash.o
LOAD ./Drivers/STM32F4xx_HAL_Driver/Src/stm32f4xx_hal_flash_ex.o
LOAD ./Drivers/STM32F4xx_HAL_Driver/Src/stm32f4xx_hal_flash_ramfunc.o
LOAD ./Drivers/STM32F4xx_HAL_Driver/Src/stm32f4xx_hal_gpio.o
LOAD ./Drivers/STM32F4xx_HAL_Driver/Src/stm32f4xx_hal_pwr.o
LOAD ./Drivers/STM32F4xx_HAL_Driver/Src/stm32f4xx_hal_pwr_ex.o
LOAD ./Drivers/STM32F4xx_HAL_Driver/Src/stm32f4xx_hal_rcc.o
LOAD ./Drivers/STM32F4xx_HAL_Driver/Src/stm32f4xx_hal_rcc_ex.o
LOAD ./Drivers/STM32F4xx_HAL_Driver/Src/stm32f4xx_hal_spi.o
LOAD ./Drivers/STM32F4xx_HAL_Driver/Src/stm32f4xx_hal_uart.o
LOAD ./FATFS/App/fatfs.o
LOAD ./FATFS/Target/user_diskio.o
LOAD ./Middlewares/Third_Party/FatFs/src/diskio.o
LOAD ./Middlewares/Third_Party/FatFs/src/ff.o
LOAD ./Middlewares/Third_Party/FatFs/src/ff_gen_drv.o
LOAD ./Middlewares/Third_Party/FatFs/src/option/syscall.o
START GROUP
LOAD C:/ST/STM32CubeIDE_1.19.0/STM32CubeIDE/plugins/com.st.stm32cube.ide.mcu.externaltools.gnu-tools-for-stm32.13.3.rel1.win32_1.0.0.202411081344/tools/bin/../lib/gcc/arm-none-eabi/13.3.1/../../../../arm-none-eabi/lib/thumb/v7e-m+fp/hard\libc_nano.a
LOAD C:/ST/STM32CubeIDE_1.19.0/STM32CubeIDE/plugins/com.st.stm32cube.ide.mcu.externaltools.gnu-tools-for-stm32.13.3.rel1.win32_1.0.0.202411081344/tools/bin/../lib/gcc/arm-none-eabi/13.3.1/../../../../arm-none-eabi/lib/thumb/v7e-m+fp/hard\libm.a
END GROUP
START GROUP
LOAD C:/ST/STM32CubeIDE_1.19.0/STM32CubeIDE/plugins/com.st.stm32cube.ide.mcu.externaltools.gnu-tools-for-stm32.13.3.rel1.win32_1.0.0.202411081344/tools/bin/../lib/gcc/arm-none-eabi/13.3.1/thumb/v7e-m+fp/hard\libgcc.a
LOAD C:/ST/STM32CubeIDE_1.19.0/STM32CubeIDE/plugins/com.st.stm32cube.ide.mcu.externaltools.gnu-tools-for-stm32.13.3.rel1.win32_1.0.0.202411081344/tools/bin/../lib/gcc/arm-none-eabi/13.3.1/../../../../arm-none-eabi/lib/thumb/v7e-m+fp/hard\libc_nano.a
END GROUP
START GROUP
LOAD C:/ST/STM32CubeIDE_1.19.0/STM32CubeIDE/plugins/com.st.stm32cube.ide.mcu.externaltools.gnu-tools-for-stm32.13.3.rel1.win32_1.0.0.202411081344/tools/bin/../lib/gcc/arm-none-eabi/13.3.1/thumb/v7e-m+fp/hard\libgcc.a
LOAD C:/ST/STM32CubeIDE_1.19.0/STM32CubeIDE/plugins/com.st.stm32cube.ide.mcu.externaltools.gnu-tools-for-stm32.13.3.rel1.win32_1.0.0.202411081344/tools/bin/../lib/gcc/arm-none-eabi/13.3.1/../../../../arm-none-eabi/lib/thumb/v7e-m+fp/hard\libc_nano.a
LOAD C:/ST/STM32CubeIDE_1.19.0/STM32CubeIDE/plugins/com.st.stm32cube.ide.mcu.externaltools.gnu-tools-for-stm32.13.3.rel1.win32_1.0.0.202411081344/tools/bin/../lib/gcc/arm-none-eabi/13.3.1/../../../../arm-none-eabi/lib/thumb/v7e-m+fp/hard\libnosys.a
END GROUP
START GROUP
LOAD C:/ST/STM32CubeIDE_1.19.0/STM32CubeIDE/plugins/com.st.stm32cube.ide.mcu.externaltools.gnu-tools-for-stm32.13.3.rel1.win32_1.0.0.202411081344/tools/bin/../lib/gcc/arm-none-eabi/13.3.1/thumb/v7e-m+fp/hard\libgcc.a
LOAD C:/ST/STM32CubeIDE_1.19.0/STM32CubeIDE/plugins/com.st.stm32cube.ide.mcu.externaltools.gnu-tools-for-stm32.13.3.rel1.win32_1.0.0.202411081344/tools/bin/../lib/gcc/arm-none-eabi/13.3.1/../../../../arm-none-eabi/lib/thumb/v7e-m+fp/hard\libc_nano.a
LOAD C:/ST/STM32CubeIDE_1.19.0/STM32CubeIDE/plugins/com.st.stm32cube.ide.mcu.externaltools.gnu-tools-for-stm32.13.3.rel1.win32_1.0.0.202411081344/tools/bin/../lib/gcc/arm-none-eabi/13.3.1/../../../../arm-none-eabi/lib/thumb/v7e-m+fp/hard\libnosys.a
END GROUP
LOAD C:/ST/STM32CubeIDE_1.19.0/STM32CubeIDE/plugins/com.st.stm32cube.ide.mcu.externaltools.gnu-tools-for-stm32.13.3.rel1.win32_1.0.0.202411081344/tools/bin/../lib/gcc/arm-none-eabi/13.3.1/thumb/v7e-m+fp/hard/crtend.o
LOAD C:/ST/STM32CubeIDE_1.19.0/STM32CubeIDE/plugins/com.st.stm32cube.ide.mcu.externaltools.gnu-tools-for-stm32.13.3.rel1.win32_1.0.0.202411081344/tools/bin/../lib/gcc/arm-none-eabi/13.3.1/thumb/v7e-m+fp/hard/crtn.o
                0x20020000                        _estack = (ORIGIN (RAM) + LENGTH (RAM))
                0x00000200                        _Min_Heap_Size = 0x200
                0x00000400                        _Min_Stack_Size = 0x400

.isr_vector     0x08000000      0x198
                0x08000000                        . = ALIGN (0x4)
 *(.isr_vector)
 .isr_vector    0x08000000      0x198 ./Core/Startup/startup_stm32f411retx.o
                0x08000000                g_pfnVectors
                0x08000198                        . = ALIGN (0x4)

.text           0x08000198     0x5a28
                0x08000198                        . = ALIGN (0x4)
 *(.text)
 .text          0x08000198       0x40 C:/ST/STM32CubeIDE_1.19.0/STM32CubeIDE/plugins/com.st.stm32cube.ide.mcu.externaltools.gnu-tools-for-stm32.13.3.rel1.win32_1.0.0.202411081344/tools/bin/../lib/gcc/arm-none-eabi/13.3.1/thumb/v7e-m+fp/hard/crtbegin.o
 .text          0x080001d8       0x10 C:/ST/STM32CubeIDE_1.19.0/STM32CubeIDE/plugins/com.st.stm32cube.ide.mcu.externaltools.gnu-tools-for-stm32.13.3.rel1.win32_1.0.0.202411081344/tools/bin/../lib/gcc/arm-none-eabi/13.3.1/../../../../arm-none-eabi/lib/thumb/v7e-m+fp/hard\libc_nano.a(libc_a-strlen.o)
                0x080001d8                strlen
 .text          0x080001e8       0x30 C:/ST/STM32CubeIDE_1.19.0/STM32CubeIDE/plugins/com.st.stm32cube.ide.mcu.externaltools.gnu-tools-for-stm32.13.3.rel1.win32_1.0.0.202411081344/tools/bin/../lib/gcc/arm-none-eabi/13.3.1/thumb/v7e-m+fp/hard\libgcc.a(_aeabi_uldivmod.o)
                0x080001e8                __aeabi_uldivmod
 .text          0x08000218      0x2f8 C:/ST/STM32CubeIDE_1.19.0/STM32CubeIDE/plugins/com.st.stm32cube.ide.mcu.externaltools.gnu-tools-for-stm32.13.3.rel1.win32_1.0.0.202411081344/tools/bin/../lib/gcc/arm-none-eabi/13.3.1/thumb/v7e-m+fp/hard\libgcc.a(_udivmoddi4.o)
                0x08000218                __udivmoddi4
 .text          0x08000510        0x4 C:/ST/STM32CubeIDE_1.19.0/STM32CubeIDE/plugins/com.st.stm32cube.ide.mcu.externaltools.gnu-tools-for-stm32.13.3.rel1.win32_1.0.0.202411081344/tools/bin/../lib/gcc/arm-none-eabi/13.3.1/thumb/v7e-m+fp/hard\libgcc.a(_dvmd_tls.o)
                0x08000510                __aeabi_idiv0
                0x08000510                __aeabi_ldiv0
 *(.text*)
 .text.SELECT   0x08000514       0x18 ./Core/Src/fatfs_sd.o
 .text.DESELECT
                0x0800052c       0x18 ./Core/Src/fatfs_sd.o
 .text.SPI_TxByte
                0x08000544       0x34 ./Core/Src/fatfs_sd.o
 .text.SPI_RxByte
                0x08000578       0x3c ./Core/Src/fatfs_sd.o
 .text.SPI_RxBytePtr
                0x080005b4       0x1c ./Core/Src/fatfs_sd.o
 .text.SD_ReadyWait
                0x080005d0       0x38 ./Core/Src/fatfs_sd.o
 .text.SD_PowerOn
                0x08000608       0x98 ./Core/Src/fatfs_sd.o
 .text.SD_PowerOff
                0x080006a0       0x18 ./Core/Src/fatfs_sd.o
 .text.SD_CheckPower
                0x080006b8       0x18 ./Core/Src/fatfs_sd.o
 .text.SD_RxDataBlock
                0x080006d0       0x6c ./Core/Src/fatfs_sd.o
 .text.SD_TxDataBlock
                0x0800073c       0xa8 ./Core/Src/fatfs_sd.o
 .text.SD_SendCmd
                0x080007e4       0xa4 ./Core/Src/fatfs_sd.o
 .text.SD_disk_initialize
                0x08000888      0x1d4 ./Core/Src/fatfs_sd.o
                0x08000888                SD_disk_initialize
 .text.SD_disk_status
                0x08000a5c       0x2c ./Core/Src/fatfs_sd.o
                0x08000a5c                SD_disk_status
 .text.SD_disk_read
                0x08000a88       0xd4 ./Core/Src/fatfs_sd.o
                0x08000a88                SD_disk_read
 .text.SD_disk_write
                0x08000b5c      0x108 ./Core/Src/fatfs_sd.o
                0x08000b5c                SD_disk_write
 .text.SD_disk_ioctl
                0x08000c64      0x260 ./Core/Src/fatfs_sd.o
                0x08000c64                SD_disk_ioctl
 .text.send_uart
                0x08000ec4       0x30 ./Core/Src/main.o
                0x08000ec4                send_uart
 .text.main     0x08000ef4      0x14c ./Core/Src/main.o
                0x08000ef4                main
 .text.SystemClock_Config
                0x08001040       0xd0 ./Core/Src/main.o
                0x08001040                SystemClock_Config
 .text.MX_SPI1_Init
                0x08001110       0x6c ./Core/Src/main.o
 .text.MX_USART2_UART_Init
                0x0800117c       0x54 ./Core/Src/main.o
 .text.MX_GPIO_Init
                0x080011d0       0x64 ./Core/Src/main.o
 .text.Error_Handler
                0x08001234        0xc ./Core/Src/main.o
                0x08001234                Error_Handler
 .text.HAL_MspInit
                0x08001240       0x50 ./Core/Src/stm32f4xx_hal_msp.o
                0x08001240                HAL_MspInit
 .text.HAL_SPI_MspInit
                0x08001290       0x90 ./Core/Src/stm32f4xx_hal_msp.o
                0x08001290                HAL_SPI_MspInit
 .text.HAL_UART_MspInit
                0x08001320       0x90 ./Core/Src/stm32f4xx_hal_msp.o
                0x08001320                HAL_UART_MspInit
 .text.NMI_Handler
                0x080013b0        0x8 ./Core/Src/stm32f4xx_it.o
                0x080013b0                NMI_Handler
 .text.HardFault_Handler
                0x080013b8        0x8 ./Core/Src/stm32f4xx_it.o
                0x080013b8                HardFault_Handler
 .text.MemManage_Handler
                0x080013c0        0x8 ./Core/Src/stm32f4xx_it.o
                0x080013c0                MemManage_Handler
 .text.BusFault_Handler
                0x080013c8        0x8 ./Core/Src/stm32f4xx_it.o
                0x080013c8                BusFault_Handler
 .text.UsageFault_Handler
                0x080013d0        0x8 ./Core/Src/stm32f4xx_it.o
                0x080013d0                UsageFault_Handler
 .text.SVC_Handler
                0x080013d8        0xe ./Core/Src/stm32f4xx_it.o
                0x080013d8                SVC_Handler
 .text.DebugMon_Handler
                0x080013e6        0xe ./Core/Src/stm32f4xx_it.o
                0x080013e6                DebugMon_Handler
 .text.PendSV_Handler
                0x080013f4        0xe ./Core/Src/stm32f4xx_it.o
                0x080013f4                PendSV_Handler
 .text.SysTick_Handler
                0x08001402        0xc ./Core/Src/stm32f4xx_it.o
                0x08001402                SysTick_Handler
 *fill*         0x0800140e        0x2 
 .text.SystemInit
                0x08001410       0x24 ./Core/Src/system_stm32f4xx.o
                0x08001410                SystemInit
 .text.Reset_Handler
                0x08001434       0x50 ./Core/Startup/startup_stm32f411retx.o
                0x08001434                Reset_Handler
 .text.Default_Handler
                0x08001484        0x2 ./Core/Startup/startup_stm32f411retx.o
                0x08001484                RTC_Alarm_IRQHandler
                0x08001484                EXTI2_IRQHandler
                0x08001484                SPI4_IRQHandler
                0x08001484                TIM1_CC_IRQHandler
                0x08001484                DMA2_Stream5_IRQHandler
                0x08001484                DMA1_Stream5_IRQHandler
                0x08001484                PVD_IRQHandler
                0x08001484                SDIO_IRQHandler
                0x08001484                TAMP_STAMP_IRQHandler
                0x08001484                EXTI3_IRQHandler
                0x08001484                TIM1_UP_TIM10_IRQHandler
                0x08001484                I2C3_ER_IRQHandler
                0x08001484                EXTI0_IRQHandler
                0x08001484                I2C2_EV_IRQHandler
                0x08001484                DMA1_Stream2_IRQHandler
                0x08001484                FPU_IRQHandler
                0x08001484                DMA2_Stream2_IRQHandler
                0x08001484                SPI1_IRQHandler
                0x08001484                TIM1_BRK_TIM9_IRQHandler
                0x08001484                DMA2_Stream3_IRQHandler
                0x08001484                USART6_IRQHandler
                0x08001484                DMA2_Stream0_IRQHandler
                0x08001484                TIM4_IRQHandler
                0x08001484                I2C1_EV_IRQHandler
                0x08001484                DMA1_Stream6_IRQHandler
                0x08001484                DMA1_Stream1_IRQHandler
                0x08001484                TIM3_IRQHandler
                0x08001484                RCC_IRQHandler
                0x08001484                Default_Handler
                0x08001484                EXTI15_10_IRQHandler
                0x08001484                ADC_IRQHandler
                0x08001484                DMA1_Stream7_IRQHandler
                0x08001484                SPI5_IRQHandler
                0x08001484                TIM5_IRQHandler
                0x08001484                DMA2_Stream7_IRQHandler
                0x08001484                I2C3_EV_IRQHandler
                0x08001484                EXTI9_5_IRQHandler
                0x08001484                RTC_WKUP_IRQHandler
                0x08001484                SPI2_IRQHandler
                0x08001484                DMA1_Stream0_IRQHandler
                0x08001484                EXTI4_IRQHandler
                0x08001484                WWDG_IRQHandler
                0x08001484                TIM2_IRQHandler
                0x08001484                OTG_FS_WKUP_IRQHandler
                0x08001484                TIM1_TRG_COM_TIM11_IRQHandler
                0x08001484                EXTI1_IRQHandler
                0x08001484                USART2_IRQHandler
                0x08001484                I2C2_ER_IRQHandler
                0x08001484                DMA2_Stream1_IRQHandler
                0x08001484                FLASH_IRQHandler
                0x08001484                DMA2_Stream4_IRQHandler
                0x08001484                USART1_IRQHandler
                0x08001484                OTG_FS_IRQHandler
                0x08001484                SPI3_IRQHandler
                0x08001484                DMA1_Stream4_IRQHandler
                0x08001484                I2C1_ER_IRQHandler
                0x08001484                DMA2_Stream6_IRQHandler
                0x08001484                DMA1_Stream3_IRQHandler
 *fill*         0x08001486        0x2 
 .text.HAL_Init
                0x08001488       0x44 ./Drivers/STM32F4xx_HAL_Driver/Src/stm32f4xx_hal.o
                0x08001488                HAL_Init
 .text.HAL_InitTick
                0x080014cc       0x60 ./Drivers/STM32F4xx_HAL_Driver/Src/stm32f4xx_hal.o
                0x080014cc                HAL_InitTick
 .text.HAL_IncTick
                0x0800152c       0x28 ./Drivers/STM32F4xx_HAL_Driver/Src/stm32f4xx_hal.o
                0x0800152c                HAL_IncTick
 .text.HAL_GetTick
                0x08001554       0x18 ./Drivers/STM32F4xx_HAL_Driver/Src/stm32f4xx_hal.o
                0x08001554                HAL_GetTick
 .text.__NVIC_SetPriorityGrouping
                0x0800156c       0x48 ./Drivers/STM32F4xx_HAL_Driver/Src/stm32f4xx_hal_cortex.o
 .text.__NVIC_GetPriorityGrouping
                0x080015b4       0x1c ./Drivers/STM32F4xx_HAL_Driver/Src/stm32f4xx_hal_cortex.o
 .text.__NVIC_SetPriority
                0x080015d0       0x54 ./Drivers/STM32F4xx_HAL_Driver/Src/stm32f4xx_hal_cortex.o
 .text.NVIC_EncodePriority
                0x08001624       0x66 ./Drivers/STM32F4xx_HAL_Driver/Src/stm32f4xx_hal_cortex.o
 *fill*         0x0800168a        0x2 
 .text.SysTick_Config
                0x0800168c       0x44 ./Drivers/STM32F4xx_HAL_Driver/Src/stm32f4xx_hal_cortex.o
 .text.HAL_NVIC_SetPriorityGrouping
                0x080016d0       0x16 ./Drivers/STM32F4xx_HAL_Driver/Src/stm32f4xx_hal_cortex.o
                0x080016d0                HAL_NVIC_SetPriorityGrouping
 .text.HAL_NVIC_SetPriority
                0x080016e6       0x38 ./Drivers/STM32F4xx_HAL_Driver/Src/stm32f4xx_hal_cortex.o
                0x080016e6                HAL_NVIC_SetPriority
 .text.HAL_SYSTICK_Config
                0x0800171e       0x18 ./Drivers/STM32F4xx_HAL_Driver/Src/stm32f4xx_hal_cortex.o
                0x0800171e                HAL_SYSTICK_Config
 *fill*         0x08001736        0x2 
 .text.HAL_GPIO_Init
                0x08001738      0x308 ./Drivers/STM32F4xx_HAL_Driver/Src/stm32f4xx_hal_gpio.o
                0x08001738                HAL_GPIO_Init
 .text.HAL_GPIO_WritePin
                0x08001a40       0x32 ./Drivers/STM32F4xx_HAL_Driver/Src/stm32f4xx_hal_gpio.o
                0x08001a40                HAL_GPIO_WritePin
 *fill*         0x08001a72        0x2 
 .text.HAL_RCC_OscConfig
                0x08001a74      0x4f0 ./Drivers/STM32F4xx_HAL_Driver/Src/stm32f4xx_hal_rcc.o
                0x08001a74                HAL_RCC_OscConfig
 .text.HAL_RCC_ClockConfig
                0x08001f64      0x1cc ./Drivers/STM32F4xx_HAL_Driver/Src/stm32f4xx_hal_rcc.o
                0x08001f64                HAL_RCC_ClockConfig
 .text.HAL_RCC_GetSysClockFreq
                0x08002130      0x20c ./Drivers/STM32F4xx_HAL_Driver/Src/stm32f4xx_hal_rcc.o
                0x08002130                HAL_RCC_GetSysClockFreq
 .text.HAL_RCC_GetHCLKFreq
                0x0800233c       0x18 ./Drivers/STM32F4xx_HAL_Driver/Src/stm32f4xx_hal_rcc.o
                0x0800233c                HAL_RCC_GetHCLKFreq
 .text.HAL_RCC_GetPCLK1Freq
                0x08002354       0x28 ./Drivers/STM32F4xx_HAL_Driver/Src/stm32f4xx_hal_rcc.o
                0x08002354                HAL_RCC_GetPCLK1Freq
 .text.HAL_RCC_GetPCLK2Freq
                0x0800237c       0x28 ./Drivers/STM32F4xx_HAL_Driver/Src/stm32f4xx_hal_rcc.o
                0x0800237c                HAL_RCC_GetPCLK2Freq
 .text.HAL_SPI_Init
                0x080023a4      0x112 ./Drivers/STM32F4xx_HAL_Driver/Src/stm32f4xx_hal_spi.o
                0x080023a4                HAL_SPI_Init
 .text.HAL_SPI_Transmit
                0x080024b6      0x288 ./Drivers/STM32F4xx_HAL_Driver/Src/stm32f4xx_hal_spi.o
                0x080024b6                HAL_SPI_Transmit
 .text.HAL_SPI_TransmitReceive
                0x0800273e      0x352 ./Drivers/STM32F4xx_HAL_Driver/Src/stm32f4xx_hal_spi.o
                0x0800273e                HAL_SPI_TransmitReceive
 .text.HAL_SPI_GetState
                0x08002a90       0x1c ./Drivers/STM32F4xx_HAL_Driver/Src/stm32f4xx_hal_spi.o
                0x08002a90                HAL_SPI_GetState
 .text.SPI_WaitFlagStateUntilTimeout
                0x08002aac      0x110 ./Drivers/STM32F4xx_HAL_Driver/Src/stm32f4xx_hal_spi.o
 .text.SPI_EndRxTxTransaction
                0x08002bbc       0xa8 ./Drivers/STM32F4xx_HAL_Driver/Src/stm32f4xx_hal_spi.o
 .text.HAL_UART_Init
                0x08002c64       0xa0 ./Drivers/STM32F4xx_HAL_Driver/Src/stm32f4xx_hal_uart.o
                0x08002c64                HAL_UART_Init
 .text.HAL_UART_Transmit
                0x08002d04      0x116 ./Drivers/STM32F4xx_HAL_Driver/Src/stm32f4xx_hal_uart.o
                0x08002d04                HAL_UART_Transmit
 .text.UART_WaitOnFlagUntilTimeout
                0x08002e1a       0xb2 ./Drivers/STM32F4xx_HAL_Driver/Src/stm32f4xx_hal_uart.o
 .text.UART_EndRxTransfer
                0x08002ecc       0xc6 ./Drivers/STM32F4xx_HAL_Driver/Src/stm32f4xx_hal_uart.o
 *fill*         0x08002f92        0x2 
 .text.UART_SetConfig
                0x08002f94      0x4e8 ./Drivers/STM32F4xx_HAL_Driver/Src/stm32f4xx_hal_uart.o
 .text.MX_FATFS_Init
                0x0800347c       0x24 ./FATFS/App/fatfs.o
                0x0800347c                MX_FATFS_Init
 .text.get_fattime
                0x080034a0       0x10 ./FATFS/App/fatfs.o
                0x080034a0                get_fattime
 .text.USER_initialize
                0x080034b0       0x1e ./FATFS/Target/user_diskio.o
                0x080034b0                USER_initialize
 .text.USER_status
                0x080034ce       0x1e ./FATFS/Target/user_diskio.o
                0x080034ce                USER_status
 .text.USER_read
                0x080034ec       0x28 ./FATFS/Target/user_diskio.o
                0x080034ec                USER_read
 .text.USER_write
                0x08003514       0x28 ./FATFS/Target/user_diskio.o
                0x08003514                USER_write
 .text.USER_ioctl
                0x0800353c       0x28 ./FATFS/Target/user_diskio.o
                0x0800353c                USER_ioctl
 .text.disk_status
                0x08003564       0x34 ./Middlewares/Third_Party/FatFs/src/diskio.o
                0x08003564                disk_status
 .text.disk_initialize
                0x08003598       0x50 ./Middlewares/Third_Party/FatFs/src/diskio.o
                0x08003598                disk_initialize
 .text.disk_read
                0x080035e8       0x40 ./Middlewares/Third_Party/FatFs/src/diskio.o
                0x080035e8                disk_read
 .text.disk_write
                0x08003628       0x40 ./Middlewares/Third_Party/FatFs/src/diskio.o
                0x08003628                disk_write
 .text.disk_ioctl
                0x08003668       0x3c ./Middlewares/Third_Party/FatFs/src/diskio.o
                0x08003668                disk_ioctl
 .text.ld_word  0x080036a4       0x32 ./Middlewares/Third_Party/FatFs/src/ff.o
 .text.ld_dword
                0x080036d6       0x46 ./Middlewares/Third_Party/FatFs/src/ff.o
 .text.st_word  0x0800371c       0x36 ./Middlewares/Third_Party/FatFs/src/ff.o
 .text.st_dword
                0x08003752       0x58 ./Middlewares/Third_Party/FatFs/src/ff.o
 .text.mem_cpy  0x080037aa       0x42 ./Middlewares/Third_Party/FatFs/src/ff.o
 .text.mem_set  0x080037ec       0x36 ./Middlewares/Third_Party/FatFs/src/ff.o
 .text.mem_cmp  0x08003822       0x4e ./Middlewares/Third_Party/FatFs/src/ff.o
 .text.chk_chr  0x08003870       0x36 ./Middlewares/Third_Party/FatFs/src/ff.o
 *fill*         0x080038a6        0x2 
 .text.chk_lock
                0x080038a8       0xb8 ./Middlewares/Third_Party/FatFs/src/ff.o
 .text.enq_lock
                0x08003960       0x44 ./Middlewares/Third_Party/FatFs/src/ff.o
 .text.inc_lock
                0x080039a4      0x11c ./Middlewares/Third_Party/FatFs/src/ff.o
 .text.dec_lock
                0x08003ac0       0x78 ./Middlewares/Third_Party/FatFs/src/ff.o
 .text.clear_lock
                0x08003b38       0x48 ./Middlewares/Third_Party/FatFs/src/ff.o
 .text.sync_window
                0x08003b80       0x88 ./Middlewares/Third_Party/FatFs/src/ff.o
 .text.move_window
                0x08003c08       0x5a ./Middlewares/Third_Party/FatFs/src/ff.o
 *fill*         0x08003c62        0x2 
 .text.sync_fs  0x08003c64       0xdc ./Middlewares/Third_Party/FatFs/src/ff.o
 .text.clust2sect
                0x08003d40       0x3e ./Middlewares/Third_Party/FatFs/src/ff.o
 .text.get_fat  0x08003d7e      0x14e ./Middlewares/Third_Party/FatFs/src/ff.o
 .text.put_fat  0x08003ecc      0x1d4 ./Middlewares/Third_Party/FatFs/src/ff.o
 .text.remove_chain
                0x080040a0       0xca ./Middlewares/Third_Party/FatFs/src/ff.o
 .text.create_chain
                0x0800416a      0x130 ./Middlewares/Third_Party/FatFs/src/ff.o
 .text.clmt_clust
                0x0800429a       0x68 ./Middlewares/Third_Party/FatFs/src/ff.o
 .text.dir_sdi  0x08004302       0xf6 ./Middlewares/Third_Party/FatFs/src/ff.o
 .text.dir_next
                0x080043f8      0x18a ./Middlewares/Third_Party/FatFs/src/ff.o
 .text.dir_alloc
                0x08004582       0x8e ./Middlewares/Third_Party/FatFs/src/ff.o
 .text.ld_clust
                0x08004610       0x3e ./Middlewares/Third_Party/FatFs/src/ff.o
 .text.st_clust
                0x0800464e       0x40 ./Middlewares/Third_Party/FatFs/src/ff.o
 .text.dir_find
                0x0800468e       0xaa ./Middlewares/Third_Party/FatFs/src/ff.o
 .text.dir_register
                0x08004738       0x64 ./Middlewares/Third_Party/FatFs/src/ff.o
 .text.create_name
                0x0800479c      0x128 ./Middlewares/Third_Party/FatFs/src/ff.o
 .text.follow_path
                0x080048c4       0xe2 ./Middlewares/Third_Party/FatFs/src/ff.o
 .text.get_ldnumber
                0x080049a6       0x88 ./Middlewares/Third_Party/FatFs/src/ff.o
 *fill*         0x08004a2e        0x2 
 .text.check_fs
                0x08004a30       0xac ./Middlewares/Third_Party/FatFs/src/ff.o
 .text.find_volume
                0x08004adc      0x498 ./Middlewares/Third_Party/FatFs/src/ff.o
 .text.validate
                0x08004f74       0x6a ./Middlewares/Third_Party/FatFs/src/ff.o
 *fill*         0x08004fde        0x2 
 .text.f_mount  0x08004fe0       0x8c ./Middlewares/Third_Party/FatFs/src/ff.o
                0x08004fe0                f_mount
 .text.f_open   0x0800506c      0x374 ./Middlewares/Third_Party/FatFs/src/ff.o
                0x0800506c                f_open
 .text.f_read   0x080053e0      0x27e ./Middlewares/Third_Party/FatFs/src/ff.o
                0x080053e0                f_read
 .text.f_write  0x0800565e      0x2ea ./Middlewares/Third_Party/FatFs/src/ff.o
                0x0800565e                f_write
 .text.f_sync   0x08005948       0xfc ./Middlewares/Third_Party/FatFs/src/ff.o
                0x08005948                f_sync
 .text.f_close  0x08005a44       0x54 ./Middlewares/Third_Party/FatFs/src/ff.o
                0x08005a44                f_close
 .text.FATFS_LinkDriverEx
                0x08005a98       0x98 ./Middlewares/Third_Party/FatFs/src/ff_gen_drv.o
                0x08005a98                FATFS_LinkDriverEx
 .text.FATFS_LinkDriver
                0x08005b30       0x1e ./Middlewares/Third_Party/FatFs/src/ff_gen_drv.o
                0x08005b30                FATFS_LinkDriver
 .text.memset   0x08005b4e       0x10 C:/ST/STM32CubeIDE_1.19.0/STM32CubeIDE/plugins/com.st.stm32cube.ide.mcu.externaltools.gnu-tools-for-stm32.13.3.rel1.win32_1.0.0.202411081344/tools/bin/../lib/gcc/arm-none-eabi/13.3.1/../../../../arm-none-eabi/lib/thumb/v7e-m+fp/hard\libc_nano.a(libc_a-memset.o)
                0x08005b4e                memset
 *fill*         0x08005b5e        0x2 
 .text.__libc_init_array
                0x08005b60       0x48 C:/ST/STM32CubeIDE_1.19.0/STM32CubeIDE/plugins/com.st.stm32cube.ide.mcu.externaltools.gnu-tools-for-stm32.13.3.rel1.win32_1.0.0.202411081344/tools/bin/../lib/gcc/arm-none-eabi/13.3.1/../../../../arm-none-eabi/lib/thumb/v7e-m+fp/hard\libc_nano.a(libc_a-init.o)
                0x08005b60                __libc_init_array
 *(.glue_7)
 .glue_7        0x08005ba8        0x0 linker stubs
 *(.glue_7t)
 .glue_7t       0x08005ba8        0x0 linker stubs
 *(.eh_frame)
 .eh_frame      0x08005ba8        0x0 C:/ST/STM32CubeIDE_1.19.0/STM32CubeIDE/plugins/com.st.stm32cube.ide.mcu.externaltools.gnu-tools-for-stm32.13.3.rel1.win32_1.0.0.202411081344/tools/bin/../lib/gcc/arm-none-eabi/13.3.1/thumb/v7e-m+fp/hard/crtbegin.o
 *(.init)
 .init          0x08005ba8        0x4 C:/ST/STM32CubeIDE_1.19.0/STM32CubeIDE/plugins/com.st.stm32cube.ide.mcu.externaltools.gnu-tools-for-stm32.13.3.rel1.win32_1.0.0.202411081344/tools/bin/../lib/gcc/arm-none-eabi/13.3.1/thumb/v7e-m+fp/hard/crti.o
                0x08005ba8                _init
 .init          0x08005bac        0x8 C:/ST/STM32CubeIDE_1.19.0/STM32CubeIDE/plugins/com.st.stm32cube.ide.mcu.externaltools.gnu-tools-for-stm32.13.3.rel1.win32_1.0.0.202411081344/tools/bin/../lib/gcc/arm-none-eabi/13.3.1/thumb/v7e-m+fp/hard/crtn.o
 *(.fini)
 .fini          0x08005bb4        0x4 C:/ST/STM32CubeIDE_1.19.0/STM32CubeIDE/plugins/com.st.stm32cube.ide.mcu.externaltools.gnu-tools-for-stm32.13.3.rel1.win32_1.0.0.202411081344/tools/bin/../lib/gcc/arm-none-eabi/13.3.1/thumb/v7e-m+fp/hard/crti.o
                0x08005bb4                _fini
 .fini          0x08005bb8        0x8 C:/ST/STM32CubeIDE_1.19.0/STM32CubeIDE/plugins/com.st.stm32cube.ide.mcu.externaltools.gnu-tools-for-stm32.13.3.rel1.win32_1.0.0.202411081344/tools/bin/../lib/gcc/arm-none-eabi/13.3.1/thumb/v7e-m+fp/hard/crtn.o
                0x08005bc0                        . = ALIGN (0x4)
                0x08005bc0                        _etext = .

.vfp11_veneer   0x08005bc0        0x0
 .vfp11_veneer  0x08005bc0        0x0 linker stubs

.v4_bx          0x08005bc0        0x0
 .v4_bx         0x08005bc0        0x0 linker stubs

.iplt           0x08005bc0        0x0
 .iplt          0x08005bc0        0x0 C:/ST/STM32CubeIDE_1.19.0/STM32CubeIDE/plugins/com.st.stm32cube.ide.mcu.externaltools.gnu-tools-for-stm32.13.3.rel1.win32_1.0.0.202411081344/tools/bin/../lib/gcc/arm-none-eabi/13.3.1/thumb/v7e-m+fp/hard/crtbegin.o

.rodata         0x08005bc0      0x148
                0x08005bc0                        . = ALIGN (0x4)
 *(.rodata)
 .rodata        0x08005bc0       0x69 ./Core/Src/main.o
 *fill*         0x08005c29        0x3 
 .rodata        0x08005c2c       0x44 ./Middlewares/Third_Party/FatFs/src/ff.o
 *(.rodata*)
 .rodata.AHBPrescTable
                0x08005c70       0x10 ./Core/Src/system_stm32f4xx.o
                0x08005c70                AHBPrescTable
 .rodata.APBPrescTable
                0x08005c80        0x8 ./Core/Src/system_stm32f4xx.o
                0x08005c80                APBPrescTable
 .rodata.ExCvt  0x08005c88       0x80 ./Middlewares/Third_Party/FatFs/src/ff.o
                0x08005d08                        . = ALIGN (0x4)

.ARM.extab      0x08005d08        0x0
                0x08005d08                        . = ALIGN (0x4)
 *(.ARM.extab* .gnu.linkonce.armextab.*)
                0x08005d08                        . = ALIGN (0x4)

.ARM            0x08005d08        0x8
                0x08005d08                        . = ALIGN (0x4)
                0x08005d08                        __exidx_start = .
 *(.ARM.exidx*)
 .ARM.exidx     0x08005d08        0x8 C:/ST/STM32CubeIDE_1.19.0/STM32CubeIDE/plugins/com.st.stm32cube.ide.mcu.externaltools.gnu-tools-for-stm32.13.3.rel1.win32_1.0.0.202411081344/tools/bin/../lib/gcc/arm-none-eabi/13.3.1/../../../../arm-none-eabi/lib/thumb/v7e-m+fp/hard\libc_nano.a(libc_a-strlen.o)
 .ARM.exidx     0x08005d10        0x0 C:/ST/STM32CubeIDE_1.19.0/STM32CubeIDE/plugins/com.st.stm32cube.ide.mcu.externaltools.gnu-tools-for-stm32.13.3.rel1.win32_1.0.0.202411081344/tools/bin/../lib/gcc/arm-none-eabi/13.3.1/thumb/v7e-m+fp/hard\libgcc.a(_udivmoddi4.o)
                                  0x8 (size before relaxing)
                0x08005d10                        __exidx_end = .
                0x08005d10                        . = ALIGN (0x4)

.preinit_array  0x08005d10        0x0
                0x08005d10                        . = ALIGN (0x4)
                0x08005d10                        PROVIDE (__preinit_array_start = .)
 *(.preinit_array*)
                0x08005d10                        PROVIDE (__preinit_array_end = .)
                0x08005d10                        . = ALIGN (0x4)

.init_array     0x08005d10        0x4
                0x08005d10                        . = ALIGN (0x4)
                0x08005d10                        PROVIDE (__init_array_start = .)
 *(SORT_BY_NAME(.init_array.*))
 *(.init_array*)
 .init_array    0x08005d10        0x4 C:/ST/STM32CubeIDE_1.19.0/STM32CubeIDE/plugins/com.st.stm32cube.ide.mcu.externaltools.gnu-tools-for-stm32.13.3.rel1.win32_1.0.0.202411081344/tools/bin/../lib/gcc/arm-none-eabi/13.3.1/thumb/v7e-m+fp/hard/crtbegin.o
                0x08005d14                        PROVIDE (__init_array_end = .)
                0x08005d14                        . = ALIGN (0x4)

.fini_array     0x08005d14        0x4
                0x08005d14                        . = ALIGN (0x4)
                [!provide]                        PROVIDE (__fini_array_start = .)
 *(SORT_BY_NAME(.fini_array.*))
 *(.fini_array*)
 .fini_array    0x08005d14        0x4 C:/ST/STM32CubeIDE_1.19.0/STM32CubeIDE/plugins/com.st.stm32cube.ide.mcu.externaltools.gnu-tools-for-stm32.13.3.rel1.win32_1.0.0.202411081344/tools/bin/../lib/gcc/arm-none-eabi/13.3.1/thumb/v7e-m+fp/hard/crtbegin.o
                [!provide]                        PROVIDE (__fini_array_end = .)
                0x08005d18                        . = ALIGN (0x4)
                0x08005d18                        _sidata = LOADADDR (.data)

.rel.dyn        0x08005d18        0x0
 .rel.iplt      0x08005d18        0x0 C:/ST/STM32CubeIDE_1.19.0/STM32CubeIDE/plugins/com.st.stm32cube.ide.mcu.externaltools.gnu-tools-for-stm32.13.3.rel1.win32_1.0.0.202411081344/tools/bin/../lib/gcc/arm-none-eabi/13.3.1/thumb/v7e-m+fp/hard/crtbegin.o

.data           0x20000000       0x24 load address 0x08005d18
                0x20000000                        . = ALIGN (0x4)
                0x20000000                        _sdata = .
 *(.data)
 *(.data*)
 .data.Stat     0x20000000        0x1 ./Core/Src/fatfs_sd.o
 *fill*         0x20000001        0x3 
 .data.SystemCoreClock
                0x20000004        0x4 ./Core/Src/system_stm32f4xx.o
                0x20000004                SystemCoreClock
 .data.uwTickPrio
                0x20000008        0x4 ./Drivers/STM32F4xx_HAL_Driver/Src/stm32f4xx_hal.o
                0x20000008                uwTickPrio
 .data.uwTickFreq
                0x2000000c        0x1 ./Drivers/STM32F4xx_HAL_Driver/Src/stm32f4xx_hal.o
                0x2000000c                uwTickFreq
 *fill*         0x2000000d        0x3 
 .data.USER_Driver
                0x20000010       0x14 ./FATFS/Target/user_diskio.o
                0x20000010                USER_Driver
 *(.RamFunc)
 *(.RamFunc*)
                0x20000024                        . = ALIGN (0x4)
                0x20000024                        _edata = .

.igot.plt       0x20000024        0x0 load address 0x08005d3c
 .igot.plt      0x20000024        0x0 C:/ST/STM32CubeIDE_1.19.0/STM32CubeIDE/plugins/com.st.stm32cube.ide.mcu.externaltools.gnu-tools-for-stm32.13.3.rel1.win32_1.0.0.202411081344/tools/bin/../lib/gcc/arm-none-eabi/13.3.1/thumb/v7e-m+fp/hard/crtbegin.o
                0x20000024                        . = ALIGN (0x4)

.bss            0x20000024      0x568 load address 0x08005d3c
                0x20000024                        _sbss = .
                0x20000024                        __bss_start__ = _sbss
 *(.bss)
 .bss           0x20000024       0x1c C:/ST/STM32CubeIDE_1.19.0/STM32CubeIDE/plugins/com.st.stm32cube.ide.mcu.externaltools.gnu-tools-for-stm32.13.3.rel1.win32_1.0.0.202411081344/tools/bin/../lib/gcc/arm-none-eabi/13.3.1/thumb/v7e-m+fp/hard/crtbegin.o
 *(.bss*)
 .bss.Timer1    0x20000040        0x1 ./Core/Src/fatfs_sd.o
                0x20000040                Timer1
 .bss.Timer2    0x20000041        0x1 ./Core/Src/fatfs_sd.o
                0x20000041                Timer2
 .bss.CardType  0x20000042        0x1 ./Core/Src/fatfs_sd.o
 .bss.PowerFlag
                0x20000043        0x1 ./Core/Src/fatfs_sd.o
 .bss.hspi1     0x20000044       0x58 ./Core/Src/main.o
                0x20000044                hspi1
 .bss.huart2    0x2000009c       0x48 ./Core/Src/main.o
                0x2000009c                huart2
 .bss.fs        0x200000e4      0x230 ./Core/Src/main.o
                0x200000e4                fs
 .bss.file      0x20000314      0x230 ./Core/Src/main.o
                0x20000314                file
 .bss.res       0x20000544        0x1 ./Core/Src/main.o
                0x20000544                res
 *fill*         0x20000545        0x3 
 .bss.bw        0x20000548        0x4 ./Core/Src/main.o
                0x20000548                bw
 .bss.uwTick    0x2000054c        0x4 ./Drivers/STM32F4xx_HAL_Driver/Src/stm32f4xx_hal.o
                0x2000054c                uwTick
 .bss.retUSER   0x20000550        0x1 ./FATFS/App/fatfs.o
                0x20000550                retUSER
 *fill*         0x20000551        0x3 
 .bss.USERPath  0x20000554        0x4 ./FATFS/App/fatfs.o
                0x20000554                USERPath
 .bss.FatFs     0x20000558        0x4 ./Middlewares/Third_Party/FatFs/src/ff.o
 .bss.Fsid      0x2000055c        0x2 ./Middlewares/Third_Party/FatFs/src/ff.o
 *fill*         0x2000055e        0x2 
 .bss.Files     0x20000560       0x20 ./Middlewares/Third_Party/FatFs/src/ff.o
 .bss.disk      0x20000580        0xc ./Middlewares/Third_Party/FatFs/src/ff_gen_drv.o
                0x20000580                disk
 *(COMMON)
                0x2000058c                        . = ALIGN (0x4)
                0x2000058c                        _ebss = .
                0x2000058c                        __bss_end__ = _ebss

._user_heap_stack
                0x2000058c      0x604 load address 0x08005d3c
                0x20000590                        . = ALIGN (0x8)
 *fill*         0x2000058c        0x4 
                [!provide]                        PROVIDE (end = .)
                0x20000590                        PROVIDE (_end = .)
                0x20000790                        . = (. + _Min_Heap_Size)
 *fill*         0x20000590      0x200 
                0x20000b90                        . = (. + _Min_Stack_Size)
 *fill*         0x20000790      0x400 
                0x20000b90                        . = ALIGN (0x8)

/DISCARD/
 libc.a(*)
 libm.a(*)
 libgcc.a(*)

.ARM.attributes
                0x00000000       0x30
 *(.ARM.attributes)
 .ARM.attributes
                0x00000000       0x22 C:/ST/STM32CubeIDE_1.19.0/STM32CubeIDE/plugins/com.st.stm32cube.ide.mcu.externaltools.gnu-tools-for-stm32.13.3.rel1.win32_1.0.0.202411081344/tools/bin/../lib/gcc/arm-none-eabi/13.3.1/thumb/v7e-m+fp/hard/crti.o
 .ARM.attributes
                0x00000022       0x34 C:/ST/STM32CubeIDE_1.19.0/STM32CubeIDE/plugins/com.st.stm32cube.ide.mcu.externaltools.gnu-tools-for-stm32.13.3.rel1.win32_1.0.0.202411081344/tools/bin/../lib/gcc/arm-none-eabi/13.3.1/thumb/v7e-m+fp/hard/crtbegin.o
 .ARM.attributes
                0x00000056       0x34 ./Core/Src/fatfs_sd.o
 .ARM.attributes
                0x0000008a       0x34 ./Core/Src/main.o
 .ARM.attributes
                0x000000be       0x34 ./Core/Src/stm32f4xx_hal_msp.o
 .ARM.attributes
                0x000000f2       0x34 ./Core/Src/stm32f4xx_it.o
 .ARM.attributes
                0x00000126       0x34 ./Core/Src/system_stm32f4xx.o
 .ARM.attributes
                0x0000015a       0x21 ./Core/Startup/startup_stm32f411retx.o
 .ARM.attributes
                0x0000017b       0x34 ./Drivers/STM32F4xx_HAL_Driver/Src/stm32f4xx_hal.o
 .ARM.attributes
                0x000001af       0x34 ./Drivers/STM32F4xx_HAL_Driver/Src/stm32f4xx_hal_cortex.o
 .ARM.attributes
                0x000001e3       0x34 ./Drivers/STM32F4xx_HAL_Driver/Src/stm32f4xx_hal_gpio.o
 .ARM.attributes
                0x00000217       0x34 ./Drivers/STM32F4xx_HAL_Driver/Src/stm32f4xx_hal_rcc.o
 .ARM.attributes
                0x0000024b       0x34 ./Drivers/STM32F4xx_HAL_Driver/Src/stm32f4xx_hal_spi.o
 .ARM.attributes
                0x0000027f       0x34 ./Drivers/STM32F4xx_HAL_Driver/Src/stm32f4xx_hal_uart.o
 .ARM.attributes
                0x000002b3       0x34 ./FATFS/App/fatfs.o
 .ARM.attributes
                0x000002e7       0x34 ./FATFS/Target/user_diskio.o
 .ARM.attributes
                0x0000031b       0x34 ./Middlewares/Third_Party/FatFs/src/diskio.o
 .ARM.attributes
                0x0000034f       0x34 ./Middlewares/Third_Party/FatFs/src/ff.o
 .ARM.attributes
                0x00000383       0x34 ./Middlewares/Third_Party/FatFs/src/ff_gen_drv.o
 .ARM.attributes
                0x000003b7       0x34 C:/ST/STM32CubeIDE_1.19.0/STM32CubeIDE/plugins/com.st.stm32cube.ide.mcu.externaltools.gnu-tools-for-stm32.13.3.rel1.win32_1.0.0.202411081344/tools/bin/../lib/gcc/arm-none-eabi/13.3.1/../../../../arm-none-eabi/lib/thumb/v7e-m+fp/hard\libc_nano.a(libc_a-memset.o)
 .ARM.attributes
                0x000003eb       0x34 C:/ST/STM32CubeIDE_1.19.0/STM32CubeIDE/plugins/com.st.stm32cube.ide.mcu.externaltools.gnu-tools-for-stm32.13.3.rel1.win32_1.0.0.202411081344/tools/bin/../lib/gcc/arm-none-eabi/13.3.1/../../../../arm-none-eabi/lib/thumb/v7e-m+fp/hard\libc_nano.a(libc_a-init.o)
 .ARM.attributes
                0x0000041f       0x17 C:/ST/STM32CubeIDE_1.19.0/STM32CubeIDE/plugins/com.st.stm32cube.ide.mcu.externaltools.gnu-tools-for-stm32.13.3.rel1.win32_1.0.0.202411081344/tools/bin/../lib/gcc/arm-none-eabi/13.3.1/../../../../arm-none-eabi/lib/thumb/v7e-m+fp/hard\libc_nano.a(libc_a-strlen.o)
 .ARM.attributes
                0x00000436       0x22 C:/ST/STM32CubeIDE_1.19.0/STM32CubeIDE/plugins/com.st.stm32cube.ide.mcu.externaltools.gnu-tools-for-stm32.13.3.rel1.win32_1.0.0.202411081344/tools/bin/../lib/gcc/arm-none-eabi/13.3.1/thumb/v7e-m+fp/hard\libgcc.a(_aeabi_uldivmod.o)
 .ARM.attributes
                0x00000458       0x34 C:/ST/STM32CubeIDE_1.19.0/STM32CubeIDE/plugins/com.st.stm32cube.ide.mcu.externaltools.gnu-tools-for-stm32.13.3.rel1.win32_1.0.0.202411081344/tools/bin/../lib/gcc/arm-none-eabi/13.3.1/thumb/v7e-m+fp/hard\libgcc.a(_udivmoddi4.o)
 .ARM.attributes
                0x0000048c       0x22 C:/ST/STM32CubeIDE_1.19.0/STM32CubeIDE/plugins/com.st.stm32cube.ide.mcu.externaltools.gnu-tools-for-stm32.13.3.rel1.win32_1.0.0.202411081344/tools/bin/../lib/gcc/arm-none-eabi/13.3.1/thumb/v7e-m+fp/hard\libgcc.a(_dvmd_tls.o)
 .ARM.attributes
                0x000004ae       0x22 C:/ST/STM32CubeIDE_1.19.0/STM32CubeIDE/plugins/com.st.stm32cube.ide.mcu.externaltools.gnu-tools-for-stm32.13.3.rel1.win32_1.0.0.202411081344/tools/bin/../lib/gcc/arm-none-eabi/13.3.1/thumb/v7e-m+fp/hard/crtn.o
OUTPUT(UP-SD.elf elf32-littlearm)
LOAD linker stubs
LOAD C:/ST/STM32CubeIDE_1.19.0/STM32CubeIDE/plugins/com.st.stm32cube.ide.mcu.externaltools.gnu-tools-for-stm32.13.3.rel1.win32_1.0.0.202411081344/tools/bin/../lib/gcc/arm-none-eabi/13.3.1/../../../../arm-none-eabi/lib/thumb/v7e-m+fp/hard\libc.a
LOAD C:/ST/STM32CubeIDE_1.19.0/STM32CubeIDE/plugins/com.st.stm32cube.ide.mcu.externaltools.gnu-tools-for-stm32.13.3.rel1.win32_1.0.0.202411081344/tools/bin/../lib/gcc/arm-none-eabi/13.3.1/../../../../arm-none-eabi/lib/thumb/v7e-m+fp/hard\libm.a
LOAD C:/ST/STM32CubeIDE_1.19.0/STM32CubeIDE/plugins/com.st.stm32cube.ide.mcu.externaltools.gnu-tools-for-stm32.13.3.rel1.win32_1.0.0.202411081344/tools/bin/../lib/gcc/arm-none-eabi/13.3.1/thumb/v7e-m+fp/hard\libgcc.a

.debug_info     0x00000000     0xce67
 .debug_info    0x00000000      0xc4c ./Core/Src/fatfs_sd.o
 .debug_info    0x00000c4c     0x1380 ./Core/Src/main.o
 .debug_info    0x00001fcc      0xc1f ./Core/Src/stm32f4xx_hal_msp.o
 .debug_info    0x00002beb      0x112 ./Core/Src/stm32f4xx_it.o
 .debug_info    0x00002cfd      0x53e ./Core/Src/system_stm32f4xx.o
 .debug_info    0x0000323b       0x30 ./Core/Startup/startup_stm32f411retx.o
 .debug_info    0x0000326b      0x8c4 ./Drivers/STM32F4xx_HAL_Driver/Src/stm32f4xx_hal.o
 .debug_info    0x00003b2f      0xcfc ./Drivers/STM32F4xx_HAL_Driver/Src/stm32f4xx_hal_cortex.o
 .debug_info    0x0000482b      0x6f9 ./Drivers/STM32F4xx_HAL_Driver/Src/stm32f4xx_hal_gpio.o
 .debug_info    0x00004f24      0x904 ./Drivers/STM32F4xx_HAL_Driver/Src/stm32f4xx_hal_rcc.o
 .debug_info    0x00005828     0x1530 ./Drivers/STM32F4xx_HAL_Driver/Src/stm32f4xx_hal_spi.o
 .debug_info    0x00006d58     0x2f56 ./Drivers/STM32F4xx_HAL_Driver/Src/stm32f4xx_hal_uart.o
 .debug_info    0x00009cae      0x4d9 ./FATFS/App/fatfs.o
 .debug_info    0x0000a187      0x3a5 ./FATFS/Target/user_diskio.o
 .debug_info    0x0000a52c      0x3df ./Middlewares/Third_Party/FatFs/src/diskio.o
 .debug_info    0x0000a90b     0x21dd ./Middlewares/Third_Party/FatFs/src/ff.o
 .debug_info    0x0000cae8      0x37f ./Middlewares/Third_Party/FatFs/src/ff_gen_drv.o

.debug_abbrev   0x00000000     0x2132
 .debug_abbrev  0x00000000      0x2db ./Core/Src/fatfs_sd.o
 .debug_abbrev  0x000002db      0x305 ./Core/Src/main.o
 .debug_abbrev  0x000005e0      0x1c1 ./Core/Src/stm32f4xx_hal_msp.o
 .debug_abbrev  0x000007a1       0x73 ./Core/Src/stm32f4xx_it.o
 .debug_abbrev  0x00000814      0x11a ./Core/Src/system_stm32f4xx.o
 .debug_abbrev  0x0000092e       0x24 ./Core/Startup/startup_stm32f411retx.o
 .debug_abbrev  0x00000952      0x24b ./Drivers/STM32F4xx_HAL_Driver/Src/stm32f4xx_hal.o
 .debug_abbrev  0x00000b9d      0x31d ./Drivers/STM32F4xx_HAL_Driver/Src/stm32f4xx_hal_cortex.o
 .debug_abbrev  0x00000eba      0x1d3 ./Drivers/STM32F4xx_HAL_Driver/Src/stm32f4xx_hal_gpio.o
 .debug_abbrev  0x0000108d      0x2b6 ./Drivers/STM32F4xx_HAL_Driver/Src/stm32f4xx_hal_rcc.o
 .debug_abbrev  0x00001343      0x276 ./Drivers/STM32F4xx_HAL_Driver/Src/stm32f4xx_hal_spi.o
 .debug_abbrev  0x000015b9      0x31b ./Drivers/STM32F4xx_HAL_Driver/Src/stm32f4xx_hal_uart.o
 .debug_abbrev  0x000018d4      0x160 ./FATFS/App/fatfs.o
 .debug_abbrev  0x00001a34      0x15c ./FATFS/Target/user_diskio.o
 .debug_abbrev  0x00001b90      0x181 ./Middlewares/Third_Party/FatFs/src/diskio.o
 .debug_abbrev  0x00001d11      0x282 ./Middlewares/Third_Party/FatFs/src/ff.o
 .debug_abbrev  0x00001f93      0x19f ./Middlewares/Third_Party/FatFs/src/ff_gen_drv.o

.debug_aranges  0x00000000      0xbb0
 .debug_aranges
                0x00000000       0xa0 ./Core/Src/fatfs_sd.o
 .debug_aranges
                0x000000a0       0x50 ./Core/Src/main.o
 .debug_aranges
                0x000000f0       0x40 ./Core/Src/stm32f4xx_hal_msp.o
 .debug_aranges
                0x00000130       0x60 ./Core/Src/stm32f4xx_it.o
 .debug_aranges
                0x00000190       0x28 ./Core/Src/system_stm32f4xx.o
 .debug_aranges
                0x000001b8       0x28 ./Core/Startup/startup_stm32f411retx.o
 .debug_aranges
                0x000001e0       0xf0 ./Drivers/STM32F4xx_HAL_Driver/Src/stm32f4xx_hal.o
 .debug_aranges
                0x000002d0      0x130 ./Drivers/STM32F4xx_HAL_Driver/Src/stm32f4xx_hal_cortex.o
 .debug_aranges
                0x00000400       0x58 ./Drivers/STM32F4xx_HAL_Driver/Src/stm32f4xx_hal_gpio.o
 .debug_aranges
                0x00000458       0x88 ./Drivers/STM32F4xx_HAL_Driver/Src/stm32f4xx_hal_rcc.o
 .debug_aranges
                0x000004e0      0x1d0 ./Drivers/STM32F4xx_HAL_Driver/Src/stm32f4xx_hal_spi.o
 .debug_aranges
                0x000006b0      0x208 ./Drivers/STM32F4xx_HAL_Driver/Src/stm32f4xx_hal_uart.o
 .debug_aranges
                0x000008b8       0x28 ./FATFS/App/fatfs.o
 .debug_aranges
                0x000008e0       0x40 ./FATFS/Target/user_diskio.o
 .debug_aranges
                0x00000920       0x48 ./Middlewares/Third_Party/FatFs/src/diskio.o
 .debug_aranges
                0x00000968      0x208 ./Middlewares/Third_Party/FatFs/src/ff.o
 .debug_aranges
                0x00000b70       0x40 ./Middlewares/Third_Party/FatFs/src/ff_gen_drv.o

.debug_rnglists
                0x00000000      0x8f8
 .debug_rnglists
                0x00000000       0x7a ./Core/Src/fatfs_sd.o
 .debug_rnglists
                0x0000007a       0x39 ./Core/Src/main.o
 .debug_rnglists
                0x000000b3       0x2d ./Core/Src/stm32f4xx_hal_msp.o
 .debug_rnglists
                0x000000e0       0x43 ./Core/Src/stm32f4xx_it.o
 .debug_rnglists
                0x00000123       0x1a ./Core/Src/system_stm32f4xx.o
 .debug_rnglists
                0x0000013d       0x19 ./Core/Startup/startup_stm32f411retx.o
 .debug_rnglists
                0x00000156       0xaf ./Drivers/STM32F4xx_HAL_Driver/Src/stm32f4xx_hal.o
 .debug_rnglists
                0x00000205       0xe0 ./Drivers/STM32F4xx_HAL_Driver/Src/stm32f4xx_hal_cortex.o
 .debug_rnglists
                0x000002e5       0x3f ./Drivers/STM32F4xx_HAL_Driver/Src/stm32f4xx_hal_gpio.o
 .debug_rnglists
                0x00000324       0x66 ./Drivers/STM32F4xx_HAL_Driver/Src/stm32f4xx_hal_rcc.o
 .debug_rnglists
                0x0000038a      0x16f ./Drivers/STM32F4xx_HAL_Driver/Src/stm32f4xx_hal_spi.o
 .debug_rnglists
                0x000004f9      0x1bc ./Drivers/STM32F4xx_HAL_Driver/Src/stm32f4xx_hal_uart.o
 .debug_rnglists
                0x000006b5       0x19 ./FATFS/App/fatfs.o
 .debug_rnglists
                0x000006ce       0x2b ./FATFS/Target/user_diskio.o
 .debug_rnglists
                0x000006f9       0x31 ./Middlewares/Third_Party/FatFs/src/diskio.o
 .debug_rnglists
                0x0000072a      0x1a2 ./Middlewares/Third_Party/FatFs/src/ff.o
 .debug_rnglists
                0x000008cc       0x2c ./Middlewares/Third_Party/FatFs/src/ff_gen_drv.o

.debug_macro    0x00000000    0x1703b
 .debug_macro   0x00000000      0x203 ./Core/Src/fatfs_sd.o
 .debug_macro   0x00000203      0xad8 ./Core/Src/fatfs_sd.o
 .debug_macro   0x00000cdb      0x29b ./Core/Src/fatfs_sd.o
 .debug_macro   0x00000f76       0x2e ./Core/Src/fatfs_sd.o
 .debug_macro   0x00000fa4       0x28 ./Core/Src/fatfs_sd.o
 .debug_macro   0x00000fcc       0x22 ./Core/Src/fatfs_sd.o
 .debug_macro   0x00000fee       0x8e ./Core/Src/fatfs_sd.o
 .debug_macro   0x0000107c       0x51 ./Core/Src/fatfs_sd.o
 .debug_macro   0x000010cd      0x103 ./Core/Src/fatfs_sd.o
 .debug_macro   0x000011d0       0x6a ./Core/Src/fatfs_sd.o
 .debug_macro   0x0000123a      0x1df ./Core/Src/fatfs_sd.o
 .debug_macro   0x00001419       0x1c ./Core/Src/fatfs_sd.o
 .debug_macro   0x00001435       0x22 ./Core/Src/fatfs_sd.o
 .debug_macro   0x00001457       0xfb ./Core/Src/fatfs_sd.o
 .debug_macro   0x00001552     0x1011 ./Core/Src/fatfs_sd.o
 .debug_macro   0x00002563      0x11f ./Core/Src/fatfs_sd.o
 .debug_macro   0x00002682     0xb968 ./Core/Src/fatfs_sd.o
 .debug_macro   0x0000dfea       0x6d ./Core/Src/fatfs_sd.o
 .debug_macro   0x0000e057     0x3693 ./Core/Src/fatfs_sd.o
 .debug_macro   0x000116ea      0x190 ./Core/Src/fatfs_sd.o
 .debug_macro   0x0001187a       0x5c ./Core/Src/fatfs_sd.o
 .debug_macro   0x000118d6      0x45c ./Core/Src/fatfs_sd.o
 .debug_macro   0x00011d32      0x9e9 ./Core/Src/fatfs_sd.o
 .debug_macro   0x0001271b      0x115 ./Core/Src/fatfs_sd.o
 .debug_macro   0x00012830      0x11b ./Core/Src/fatfs_sd.o
 .debug_macro   0x0001294b       0xa5 ./Core/Src/fatfs_sd.o
 .debug_macro   0x000129f0      0x15f ./Core/Src/fatfs_sd.o
 .debug_macro   0x00012b4f      0x287 ./Core/Src/fatfs_sd.o
 .debug_macro   0x00012dd6       0x5f ./Core/Src/fatfs_sd.o
 .debug_macro   0x00012e35      0x236 ./Core/Src/fatfs_sd.o
 .debug_macro   0x0001306b      0x132 ./Core/Src/fatfs_sd.o
 .debug_macro   0x0001319d      0x264 ./Core/Src/fatfs_sd.o
 .debug_macro   0x00013401       0x2e ./Core/Src/fatfs_sd.o
 .debug_macro   0x0001342f      0x127 ./Core/Src/fatfs_sd.o
 .debug_macro   0x00013556       0x85 ./Core/Src/fatfs_sd.o
 .debug_macro   0x000135db       0x89 ./Core/Src/fatfs_sd.o
 .debug_macro   0x00013664      0x225 ./Core/Src/fatfs_sd.o
 .debug_macro   0x00013889      0x2aa ./Core/Src/fatfs_sd.o
 .debug_macro   0x00013b33      0x126 ./Core/Src/fatfs_sd.o
 .debug_macro   0x00013c59       0x16 ./Core/Src/fatfs_sd.o
 .debug_macro   0x00013c6f       0x7c ./Core/Src/fatfs_sd.o
 .debug_macro   0x00013ceb       0x70 ./Core/Src/fatfs_sd.o
 .debug_macro   0x00013d5b      0x326 ./Core/Src/main.o
 .debug_macro   0x00014081       0xeb ./Core/Src/main.o
 .debug_macro   0x0001416c       0x2a ./Core/Src/main.o
 .debug_macro   0x00014196       0x61 ./Core/Src/main.o
 .debug_macro   0x000141f7       0x43 ./Core/Src/main.o
 .debug_macro   0x0001423a       0x34 ./Core/Src/main.o
 .debug_macro   0x0001426e       0x16 ./Core/Src/main.o
 .debug_macro   0x00014284       0x3c ./Core/Src/main.o
 .debug_macro   0x000142c0      0x370 ./Core/Src/main.o
 .debug_macro   0x00014630       0x16 ./Core/Src/main.o
 .debug_macro   0x00014646       0x4a ./Core/Src/main.o
 .debug_macro   0x00014690       0x34 ./Core/Src/main.o
 .debug_macro   0x000146c4       0x10 ./Core/Src/main.o
 .debug_macro   0x000146d4       0x58 ./Core/Src/main.o
 .debug_macro   0x0001472c       0x8e ./Core/Src/main.o
 .debug_macro   0x000147ba       0x1c ./Core/Src/main.o
 .debug_macro   0x000147d6      0x185 ./Core/Src/main.o
 .debug_macro   0x0001495b       0x16 ./Core/Src/main.o
 .debug_macro   0x00014971       0x29 ./Core/Src/main.o
 .debug_macro   0x0001499a       0x12 ./Core/Src/main.o
 .debug_macro   0x000149ac       0xe2 ./Core/Src/main.o
 .debug_macro   0x00014a8e       0x8e ./Core/Src/main.o
 .debug_macro   0x00014b1c       0x16 ./Core/Src/main.o
 .debug_macro   0x00014b32       0x20 ./Core/Src/main.o
 .debug_macro   0x00014b52      0x1ce ./Core/Src/stm32f4xx_hal_msp.o
 .debug_macro   0x00014d20      0x1d8 ./Core/Src/stm32f4xx_it.o
 .debug_macro   0x00014ef8      0x1c4 ./Core/Src/system_stm32f4xx.o
 .debug_macro   0x000150bc      0x224 ./Drivers/STM32F4xx_HAL_Driver/Src/stm32f4xx_hal.o
 .debug_macro   0x000152e0      0x1c4 ./Drivers/STM32F4xx_HAL_Driver/Src/stm32f4xx_hal_cortex.o
 .debug_macro   0x000154a4      0x1ca ./Drivers/STM32F4xx_HAL_Driver/Src/stm32f4xx_hal_gpio.o
 .debug_macro   0x0001566e      0x1e8 ./Drivers/STM32F4xx_HAL_Driver/Src/stm32f4xx_hal_rcc.o
 .debug_macro   0x00015856      0x1d3 ./Drivers/STM32F4xx_HAL_Driver/Src/stm32f4xx_hal_spi.o
 .debug_macro   0x00015a29      0x1c5 ./Drivers/STM32F4xx_HAL_Driver/Src/stm32f4xx_hal_uart.o
 .debug_macro   0x00015bee      0x2f3 ./FATFS/App/fatfs.o
 .debug_macro   0x00015ee1       0xe5 ./FATFS/App/fatfs.o
 .debug_macro   0x00015fc6      0x310 ./FATFS/Target/user_diskio.o
 .debug_macro   0x000162d6       0x10 ./FATFS/Target/user_diskio.o
 .debug_macro   0x000162e6       0x56 ./FATFS/Target/user_diskio.o
 .debug_macro   0x0001633c      0x2e0 ./Middlewares/Third_Party/FatFs/src/diskio.o
 .debug_macro   0x0001661c      0x6e7 ./Middlewares/Third_Party/FatFs/src/ff.o
 .debug_macro   0x00016d03       0x58 ./Middlewares/Third_Party/FatFs/src/ff.o
 .debug_macro   0x00016d5b      0x2e0 ./Middlewares/Third_Party/FatFs/src/ff_gen_drv.o

.debug_line     0x00000000     0xff46
 .debug_line    0x00000000      0xdf5 ./Core/Src/fatfs_sd.o
 .debug_line    0x00000df5      0xb19 ./Core/Src/main.o
 .debug_line    0x0000190e      0x7c7 ./Core/Src/stm32f4xx_hal_msp.o
 .debug_line    0x000020d5      0x7db ./Core/Src/stm32f4xx_it.o
 .debug_line    0x000028b0      0x7a2 ./Core/Src/system_stm32f4xx.o
 .debug_line    0x00003052       0x7a ./Core/Startup/startup_stm32f411retx.o
 .debug_line    0x000030cc      0xa1e ./Drivers/STM32F4xx_HAL_Driver/Src/stm32f4xx_hal.o
 .debug_line    0x00003aea      0xcee ./Drivers/STM32F4xx_HAL_Driver/Src/stm32f4xx_hal_cortex.o
 .debug_line    0x000047d8      0xb3a ./Drivers/STM32F4xx_HAL_Driver/Src/stm32f4xx_hal_gpio.o
 .debug_line    0x00005312      0xe2d ./Drivers/STM32F4xx_HAL_Driver/Src/stm32f4xx_hal_rcc.o
 .debug_line    0x0000613f     0x1cb9 ./Drivers/STM32F4xx_HAL_Driver/Src/stm32f4xx_hal_spi.o
 .debug_line    0x00007df8     0x2566 ./Drivers/STM32F4xx_HAL_Driver/Src/stm32f4xx_hal_uart.o
 .debug_line    0x0000a35e      0x91f ./FATFS/App/fatfs.o
 .debug_line    0x0000ac7d      0x994 ./FATFS/Target/user_diskio.o
 .debug_line    0x0000b611      0x98d ./Middlewares/Third_Party/FatFs/src/diskio.o
 .debug_line    0x0000bf9e     0x3600 ./Middlewares/Third_Party/FatFs/src/ff.o
 .debug_line    0x0000f59e      0x9a8 ./Middlewares/Third_Party/FatFs/src/ff_gen_drv.o

.debug_str      0x00000000    0x88a32
 .debug_str     0x00000000    0x88a32 ./Core/Src/fatfs_sd.o
                              0x81dfc (size before relaxing)
 .debug_str     0x00088a32    0x85afc ./Core/Src/main.o
 .debug_str     0x00088a32    0x81c84 ./Core/Src/stm32f4xx_hal_msp.o
 .debug_str     0x00088a32    0x8150b ./Core/Src/stm32f4xx_it.o
 .debug_str     0x00088a32    0x81647 ./Core/Src/system_stm32f4xx.o
 .debug_str     0x00088a32       0x85 ./Core/Startup/startup_stm32f411retx.o
 .debug_str     0x00088a32    0x82073 ./Drivers/STM32F4xx_HAL_Driver/Src/stm32f4xx_hal.o
 .debug_str     0x00088a32    0x81ddd ./Drivers/STM32F4xx_HAL_Driver/Src/stm32f4xx_hal_cortex.o
 .debug_str     0x00088a32    0x817c2 ./Drivers/STM32F4xx_HAL_Driver/Src/stm32f4xx_hal_gpio.o
 .debug_str     0x00088a32    0x81a7b ./Drivers/STM32F4xx_HAL_Driver/Src/stm32f4xx_hal_rcc.o
 .debug_str     0x00088a32    0x81ef3 ./Drivers/STM32F4xx_HAL_Driver/Src/stm32f4xx_hal_spi.o
 .debug_str     0x00088a32    0x8204a ./Drivers/STM32F4xx_HAL_Driver/Src/stm32f4xx_hal_uart.o
 .debug_str     0x00088a32    0x84ebe ./FATFS/App/fatfs.o
 .debug_str     0x00088a32    0x84e87 ./FATFS/Target/user_diskio.o
 .debug_str     0x00088a32    0x84dcd ./Middlewares/Third_Party/FatFs/src/diskio.o
 .debug_str     0x00088a32    0x86030 ./Middlewares/Third_Party/FatFs/src/ff.o
 .debug_str     0x00088a32    0x84e1e ./Middlewares/Third_Party/FatFs/src/ff_gen_drv.o

.comment        0x00000000       0x43
 .comment       0x00000000       0x43 ./Core/Src/fatfs_sd.o
                                 0x44 (size before relaxing)
 .comment       0x00000043       0x44 ./Core/Src/main.o
 .comment       0x00000043       0x44 ./Core/Src/stm32f4xx_hal_msp.o
 .comment       0x00000043       0x44 ./Core/Src/stm32f4xx_it.o
 .comment       0x00000043       0x44 ./Core/Src/system_stm32f4xx.o
 .comment       0x00000043       0x44 ./Drivers/STM32F4xx_HAL_Driver/Src/stm32f4xx_hal.o
 .comment       0x00000043       0x44 ./Drivers/STM32F4xx_HAL_Driver/Src/stm32f4xx_hal_cortex.o
 .comment       0x00000043       0x44 ./Drivers/STM32F4xx_HAL_Driver/Src/stm32f4xx_hal_gpio.o
 .comment       0x00000043       0x44 ./Drivers/STM32F4xx_HAL_Driver/Src/stm32f4xx_hal_rcc.o
 .comment       0x00000043       0x44 ./Drivers/STM32F4xx_HAL_Driver/Src/stm32f4xx_hal_spi.o
 .comment       0x00000043       0x44 ./Drivers/STM32F4xx_HAL_Driver/Src/stm32f4xx_hal_uart.o
 .comment       0x00000043       0x44 ./FATFS/App/fatfs.o
 .comment       0x00000043       0x44 ./FATFS/Target/user_diskio.o
 .comment       0x00000043       0x44 ./Middlewares/Third_Party/FatFs/src/diskio.o
 .comment       0x00000043       0x44 ./Middlewares/Third_Party/FatFs/src/ff.o
 .comment       0x00000043       0x44 ./Middlewares/Third_Party/FatFs/src/ff_gen_drv.o

.debug_frame    0x00000000     0x2f74
 .debug_frame   0x00000000      0x268 ./Core/Src/fatfs_sd.o
 .debug_frame   0x00000268       0xf8 ./Core/Src/main.o
 .debug_frame   0x00000360       0xc4 ./Core/Src/stm32f4xx_hal_msp.o
 .debug_frame   0x00000424      0x104 ./Core/Src/stm32f4xx_it.o
 .debug_frame   0x00000528       0x58 ./Core/Src/system_stm32f4xx.o
 .debug_frame   0x00000580      0x374 ./Drivers/STM32F4xx_HAL_Driver/Src/stm32f4xx_hal.o
 .debug_frame   0x000008f4      0x508 ./Drivers/STM32F4xx_HAL_Driver/Src/stm32f4xx_hal_cortex.o
 .debug_frame   0x00000dfc      0x14c ./Drivers/STM32F4xx_HAL_Driver/Src/stm32f4xx_hal_gpio.o
 .debug_frame   0x00000f48      0x1f4 ./Drivers/STM32F4xx_HAL_Driver/Src/stm32f4xx_hal_rcc.o
 .debug_frame   0x0000113c      0x828 ./Drivers/STM32F4xx_HAL_Driver/Src/stm32f4xx_hal_spi.o
 .debug_frame   0x00001964      0x954 ./Drivers/STM32F4xx_HAL_Driver/Src/stm32f4xx_hal_uart.o
 .debug_frame   0x000022b8       0x4c ./FATFS/App/fatfs.o
 .debug_frame   0x00002304       0xc4 ./FATFS/Target/user_diskio.o
 .debug_frame   0x000023c8       0xec ./Middlewares/Third_Party/FatFs/src/diskio.o
 .debug_frame   0x000024b4      0x94c ./Middlewares/Third_Party/FatFs/src/ff.o
 .debug_frame   0x00002e00       0xc8 ./Middlewares/Third_Party/FatFs/src/ff_gen_drv.o
 .debug_frame   0x00002ec8       0x20 C:/ST/STM32CubeIDE_1.19.0/STM32CubeIDE/plugins/com.st.stm32cube.ide.mcu.externaltools.gnu-tools-for-stm32.13.3.rel1.win32_1.0.0.202411081344/tools/bin/../lib/gcc/arm-none-eabi/13.3.1/../../../../arm-none-eabi/lib/thumb/v7e-m+fp/hard\libc_nano.a(libc_a-memset.o)
 .debug_frame   0x00002ee8       0x2c C:/ST/STM32CubeIDE_1.19.0/STM32CubeIDE/plugins/com.st.stm32cube.ide.mcu.externaltools.gnu-tools-for-stm32.13.3.rel1.win32_1.0.0.202411081344/tools/bin/../lib/gcc/arm-none-eabi/13.3.1/../../../../arm-none-eabi/lib/thumb/v7e-m+fp/hard\libc_nano.a(libc_a-init.o)
 .debug_frame   0x00002f14       0x2c C:/ST/STM32CubeIDE_1.19.0/STM32CubeIDE/plugins/com.st.stm32cube.ide.mcu.externaltools.gnu-tools-for-stm32.13.3.rel1.win32_1.0.0.202411081344/tools/bin/../lib/gcc/arm-none-eabi/13.3.1/thumb/v7e-m+fp/hard\libgcc.a(_aeabi_uldivmod.o)
 .debug_frame   0x00002f40       0x34 C:/ST/STM32CubeIDE_1.19.0/STM32CubeIDE/plugins/com.st.stm32cube.ide.mcu.externaltools.gnu-tools-for-stm32.13.3.rel1.win32_1.0.0.202411081344/tools/bin/../lib/gcc/arm-none-eabi/13.3.1/thumb/v7e-m+fp/hard\libgcc.a(_udivmoddi4.o)

.debug_line_str
                0x00000000       0x69
 .debug_line_str
                0x00000000       0x69 ./Core/Startup/startup_stm32f411retx.o
